2026-05-20 23:26:31,533 - backup_downloads_logger - INFO - Loading configuration...
2026-05-20 23:26:31,533 - backup_downloads_logger - DEBUG - Configurations loaded successfully. Starting backup process.
2026-05-20 23:26:31,534 - backup_downloads_logger - INFO - Configuration loaded successfully: Automated Download Backup version 1.0.0
2026-05-20 23:26:31,545 - backup_downloads_logger.discovery - INFO - Production source path identified: /home/mwas-programmer/Downloads
2026-05-20 23:26:32,818 - backup_downloads_logger.auditor - INFO - Scanned 99 files in /home/mwas-programmer/Downloads folder, ready for backup.
2026-05-20 23:26:32,819 - backup_downloads_logger - INFO - Starting thread pool to process 5 files ...
2026-05-20 23:26:32,832 - backup_downloads_logger.executor - INFO - Stagging: Em_Eb_Instruments.pdf as Em_Eb_Instruments.pdf.tmp
2026-05-20 23:26:32,846 - backup_downloads_logger.executor - INFO - Stagging: So_What_Miles_Solo_Eb_Instruments.pdf as So_What_Miles_Solo_Eb_Instruments.pdf.tmp
2026-05-20 23:26:32,851 - backup_downloads_logger.executor - INFO - Backed up file Em_Eb_Instruments.pdf to /media/mwas-programmer/hDD/ubuntu-backup/Documents/Em_Eb_Instruments.pdf.tmp
2026-05-20 23:26:32,862 - backup_downloads_logger.executor - INFO - Backed up file So_What_Miles_Solo_Eb_Instruments.pdf to /media/mwas-programmer/hDD/ubuntu-backup/Documents/So_What_Miles_Solo_Eb_Instruments.pdf.tmp
2026-05-20 23:26:32,867 - backup_downloads_logger.executor - INFO - Em_Eb_Instruments.pdf verified and backed up.
2026-05-20 23:26:32,877 - backup_downloads_logger.executor - INFO - So_What_Miles_Solo_Eb_Instruments.pdf verified and backed up.
2026-05-20 23:26:32,888 - backup_downloads_logger.executor - INFO - Stagging: I_Got_Rhythm_Eb_Instruments.pdf as I_Got_Rhythm_Eb_Instruments.pdf.tmp
2026-05-20 23:26:32,900 - backup_downloads_logger.executor - INFO - Backed up file I_Got_Rhythm_Eb_Instruments.pdf to /media/mwas-programmer/hDD/ubuntu-backup/Documents/I_Got_Rhythm_Eb_Instruments.pdf.tmp
2026-05-20 23:26:32,918 - backup_downloads_logger.executor - INFO - I_Got_Rhythm_Eb_Instruments.pdf verified and backed up.
2026-05-20 23:26:32,958 - backup_downloads_logger.executor - INFO - Stagging: Gichimu Peter Mwangi Transcripts.pdf as Gichimu Peter Mwangi Transcripts.pdf.tmp
2026-05-20 23:26:33,030 - backup_downloads_logger.executor - INFO - Stagging: GOOGLE-IO-2026-MINIPROJECT-ASSIGNMENT.pptx as GOOGLE-IO-2026-MINIPROJECT-ASSIGNMENT.pptx.tmp
2026-05-20 23:26:33,044 - backup_downloads_logger.executor - INFO - Backed up file Gichimu Peter Mwangi Transcripts.pdf to /media/mwas-programmer/hDD/ubuntu-backup/Documents/Gichimu Peter Mwangi Transcripts.pdf.tmp
2026-05-20 23:26:33,117 - backup_downloads_logger.executor - INFO - Gichimu Peter Mwangi Transcripts.pdf verified and backed up.
2026-05-20 23:26:33,216 - backup_downloads_logger.executor - INFO - Backed up file GOOGLE-IO-2026-MINIPROJECT-ASSIGNMENT.pptx to /media/mwas-programmer/hDD/ubuntu-backup/Documents/GOOGLE-IO-2026-MINIPROJECT-ASSIGNMENT.pptx.tmp
2026-05-20 23:26:33,356 - backup_downloads_logger.executor - INFO - GOOGLE-IO-2026-MINIPROJECT-ASSIGNMENT.pptx verified and backed up.
2026-05-20 23:26:33,368 - backup_downloads_logger - INFO - 
===================================
2026-05-20 23:26:33,368 - backup_downloads_logger - INFO -           BACKUP COMPLETE          
2026-05-20 23:26:33,369 - backup_downloads_logger - INFO - ===================================
2026-05-20 23:26:33,369 - backup_downloads_logger - INFO - Files Backed Up: 5
2026-05-20 23:26:33,369 - backup_downloads_logger - INFO - Files Backed Up:
2026-05-20 23:26:33,369 - backup_downloads_logger - INFO -   1.    Em_Eb_Instruments.pdf
2026-05-20 23:26:33,370 - backup_downloads_logger - INFO -   2.    So_What_Miles_Solo_Eb_Instruments.pdf
2026-05-20 23:26:33,370 - backup_downloads_logger - INFO -   3.    I_Got_Rhythm_Eb_Instruments.pdf
2026-05-20 23:26:33,370 - backup_downloads_logger - INFO -   4.    Gichimu Peter Mwangi Transcripts.pdf
2026-05-20 23:26:33,370 - backup_downloads_logger - INFO -   5.    GOOGLE-IO-2026-MINIPROJECT-ASSIGNMENT.pptx
2026-05-20 23:26:33,372 - backup_downloads_logger - INFO - 
===================================
2026-05-20 23:26:33,372 - backup_downloads_logger - INFO - Skipped Files - Already Processed and Backed Up: 0
2026-05-20 23:26:33,372 - backup_downloads_logger - INFO - Files with Errors during Back-Up: 0
2026-05-20 23:26:33,373 - backup_downloads_logger - INFO - ===================================
2026-05-20 23:26:33,373 - backup_downloads_logger - INFO - Backup complete successfully!
